
▶ typecheck (tsc --noEmit)

▶ lint (next lint)
`next lint` is deprecated and will be removed in Next.js 16.
For new projects, use create-next-app to choose your preferred linter.
For existing projects, migrate to the ESLint CLI:
npx @next/codemod@canary next-lint-to-eslint-cli .

✔ No ESLint warnings or errors

▶ structural tests (tests/structural/)
[33mThe CJS build of Vite's Node API is deprecated. See https://vite.dev/guide/troubleshooting.html#vite-cjs-node-api-deprecated for more details.[39m

 RUN  v2.1.9 C:/Users/Public/Documents/ESTsoft/CreatorTemp/trainer-access-settings-verify

 ✓ tests/structural/dashboard-parity-window-ssot.test.ts (3 tests) 4ms
 ✓ tests/structural/sheet-read-render-options.test.ts (3 tests) 4ms
 ✓ tests/structural/build-memory-guard.test.ts (3 tests) 4ms
 ✓ tests/structural/sheets-append-guard.test.ts (3 tests) 96ms
 ✓ tests/structural/layers.test.ts (10 tests) 715ms
 ✓ tests/structural/sheets-request-path-guard.test.ts (4 tests) 1228ms
   ✓ 시트 요청 경로 재유입 차단 게이트 (BBE-251) > app/api·app/(app) 에서 도달 가능한 lib/repo 파일 중 시트 저수준 호출은 전부 화이트리스트에 등록돼 있다 786ms
   ✓ 시트 요청 경로 재유입 차단 게이트 (BBE-251) > 화이트리스트 항목은 실제로 요청 경로에서 도달 가능하고, 시트 저수준 호출도 실제로 갖고 있다(죽은 등록 방지) 440ms
 ✓ tests/structural/dev-with-watch-windows.test.ts (2 tests) 605ms
   ✓ dev-with-watch Windows launcher > launches npx.cmd without EINVAL on Windows 602ms
 ✓ tests/structural/period-hardcode.test.ts (13 tests) 1825ms
   ✓ strip 헬퍼 자기검증 > strip 전후 줄 수 불변 (전 파일) 376ms
   ✓ G1: grad-offset 상수화 (50/57) > GRADUATION_OFFSET* 숫자 정의는 lib/config/cohort-dates.ts 에서만 318ms

 Test Files  8 passed (8)
      Tests  41 passed (41)
   Start at  18:49:58
   Duration  2.72s (transform 532ms, setup 295ms, collect 717ms, tests 4.48s, environment 2ms, prepare 2.00s)


▶ unit/integration tests
[33mThe CJS build of Vite's Node API is deprecated. See https://vite.dev/guide/troubleshooting.html#vite-cjs-node-api-deprecated for more details.[39m

 RUN  v2.1.9 C:/Users/Public/Documents/ESTsoft/CreatorTemp/trainer-access-settings-verify

 ✓ tests/ops/weekly-goals-migrate.test.ts (36 tests | 22 skipped) 54ms
 ✓ tests/query/expense-category-lifecycle-cache-r6.test.ts (5 tests) 126ms
 ✓ tests/components/date-input-picker.test.ts (15 tests) 275ms
 ✓ tests/components/cohort-create-modal-date.test.ts (7 tests) 238ms
 ✓ tests/components/trainer-assign-coalesce.test.ts (3 tests) 327ms
 ✓ tests/ops/dashboard-parity-lib.test.ts (24 tests) 20ms
 ✓ tests/service/weekly-goals-identity.test.ts (35 tests) 89ms
 ✓ tests/components/expense-ledger-ui.test.ts (18 tests) 1349ms
stderr | tests/service/cache-warm.test.ts > warmAllTraineeBundles > ② 레지스트리 조회 자체가 실패해도 던지지 않는다 — 다음 주기가 재시도
[cache-warm] 대상 목록 조회 실패: registry down

 ✓ tests/service/dashboard-aggregates.test.ts (21 tests) 15ms
 ✓ tests/service/cache-warm.test.ts (25 tests) 339ms
 ✓ tests/repo/rejoin-routing.test.ts (43 tests) 15ms
 ✓ tests/service/weekly-goals.test.ts (48 tests) 71ms
 ✓ tests/repo/company-archive-write-sync.test.ts (15 tests) 20ms
 ✓ tests/service/cohort-token.test.ts (33 tests) 14ms
 ✓ tests/util/trainer-access-policy.test.ts (166 tests) 31ms
 ✓ tests/service/db-write-gate.test.ts (20 tests) 22ms
 ✓ tests/service/sales-write.test.ts (13 tests) 2305ms
   ✓ 파일럿 DB 정본 + 행별 수렴 미러 표식 > 시트 미러 최종 실패 → 응답 성공 + markMirrorPending + sheet_mirror_error 1890ms
stderr | tests/service/me.test.ts > enrichUsersWithStats — 파일럿/비파일럿 게이팅 + 순서 보존 병합 (BBE-64) > 파일럿 배치 DB 조회가 실패하면 그 배치 전원이 시트 경로로 폴백한다
[me] profileStatsFromDb 배치 실패(2명) — 전원 sheet 경로로 폴백: pg connection reset

 ✓ tests/service/me.test.ts (18 tests) 19ms
 ✓ tests/service/todos.test.ts (18 tests) 4416ms
   ✓ 시트 미러 = 수렴 동기화(fire-and-forget) + 실패 격리 > 미러 실패는 저장 실패가 아님 — caller 성공 + Sentry 계수(sheet_mirror_error) 1950ms
   ✓ mirror_pending 안전망 (§7-3) > 시트 미러 최종 실패 → 응답 성공 + markMirrorPending(tab=todos) (해제는 호출 안 함) 1943ms
 ✓ tests/repo/expense-category-migration-freeze-r6.test.ts (13 tests) 289ms
stderr | tests/repo/company-archive-flip.test.ts > mirror_pending 안전망 — company_archive 수렴 잡(§7-3 동형) > 시트 수렴 최종 실패 → markMirrorPending(tab=company_archive) + captureServerEvent
[company-info-archive] 시트 수렴 실패 key=2026-07-10|가나상사: sheet read down

 ✓ tests/service/sales-cells-flip.test.ts (12 tests) 135ms
 ✓ tests/repo/company-archive-flip.test.ts (14 tests) 2432ms
   ✓ mirror_pending 안전망 — company_archive 수렴 잡(§7-3 동형) > 시트 수렴 최종 실패 → markMirrorPending(tab=company_archive) + captureServerEvent 1924ms
 ✓ tests/repo/meetings-rows-roundtrip.test.ts (9 tests) 18ms
stderr | tests/repo/db-course-dates.test.ts > readCourseDatesFromDb — spreadsheet_id 조회 > 🚨 DB 쿼리 실패(커넥션 끊김 등) → throw 안 함, null 반환(시트 폴백 유지 — 적대적 리뷰 HIGH)
[course-dates] DB read 실패(시트 폴백으로 진행) — spreadsheetId=sheet-1 Error: connection terminated
    at C:\Users\Public\Documents\ESTsoft\CreatorTemp\trainer-access-settings-verify\tests\repo\db-course-dates.test.ts:92:29
    at file:///C:/Users/Public/Documents/ESTsoft/CreatorTemp/trainer-access-settings-verify/node_modules/@vitest/runner/dist/index.js:146:14
    at file:///C:/Users/Public/Documents/ESTsoft/CreatorTemp/trainer-access-settings-verify/node_modules/@vitest/runner/dist/index.js:533:11
    at runWithTimeout (file:///C:/Users/Public/Documents/ESTsoft/CreatorTemp/trainer-access-settings-verify/node_modules/@vitest/runner/dist/index.js:39:7)
    at runTest (file:///C:/Users/Public/Documents/ESTsoft/CreatorTemp/trainer-access-settings-verify/node_modules/@vitest/runner/dist/index.js:1056:17)
    at processTicksAndRejections (node:internal/process/task_queues:103:5)
    at runSuite (file:///C:/Users/Public/Documents/ESTsoft/CreatorTemp/trainer-access-settings-verify/node_modules/@vitest/runner/dist/index.js:1205:15)
    at runSuite (file:///C:/Users/Public/Documents/ESTsoft/CreatorTemp/trainer-access-settings-verify/node_modules/@vitest/runner/dist/index.js:1205:15)
    at runFiles (file:///C:/Users/Public/Documents/ESTsoft/CreatorTemp/trainer-access-settings-verify/node_modules/@vitest/runner/dist/index.js:1262:5)
    at startTests (file:///C:/Users/Public/Documents/ESTsoft/CreatorTemp/trainer-access-settings-verify/node_modules/@vitest/runner/dist/index.js:1271:3)

 ✓ tests/repo/db-course-dates.test.ts (22 tests) 21ms
 ✓ tests/service/meetings-write.test.ts (9 tests) 2157ms
   ✓ mirror_pending 안전망 (§7-3) — meetings > 시트 미러 최종 실패 → 응답 성공 + markMirrorPending(tab=meetings) 1915ms
 ✓ tests/repo/contract-append-idempotent.test.ts (7 tests) 10ms
 ✓ tests/repo/registry-db.test.ts (16 tests) 16ms
stderr | tests/repo/gcal-token-db.test.ts > ① 행 존재 = 정본 > DB 조회가 throw 하면(순단) 시트로 강등 — 캘린더가 DB 장애로 끊기지 않는다
[gcal-token] DB 조회 실패 → 시트 폴백 (동작은 계속): connection reset

stderr | tests/repo/gcal-token-db.test.ts > ② lazy backfill > backfill 실패는 읽기를 깨뜨리지 않는다
[gcal-token] DB lazy backfill 실패 (동작은 계속): db down

stderr | tests/repo/gcal-token-db.test.ts > ③ DB 정본 + 시트 미러 > 시트 미러가 실패해도 저장은 성공(DB 정본) — throw 하지 않는다
[gcal-token] 시트 미러 실패 — saveGcalToken(DB 정본은 저장됨) (동작은 계속): sheets 429

 ✓ tests/repo/gcal-token-db.test.ts (15 tests) 27ms
stderr | tests/repo/gcal-event-ids-db.test.ts > readGcalMap — 정본 병합 + lazy backfill > DB 조회 실패 시 시트 단독으로 계속(캘린더가 DB 장애로 멈추지 않는다)
[gcal-event-ids] DB 조회 실패 → 시트 단독 (동작은 계속): db down

stderr | tests/repo/gcal-event-ids-db.test.ts > 쓰기 — DB 정본 + 시트 미러 > 시트 미러 실패는 저장 실패가 아니다(DB 정본)
[gcal-event-ids] 시트 미러 실패 — setGcalEventId(DB 정본은 저장됨) (동작은 계속): sheets 429

 ✓ tests/repo/gcal-event-ids-db.test.ts (18 tests) 17ms
 ✓ tests/service/termination-count.test.ts (17 tests) 16ms
 ✓ tests/service/expense-ledger.test.ts (13 tests) 16ms
 ✓ tests/service/contact-unlimited-roundtrip.test.ts (8 tests) 14ms
 ✓ tests/service/weekly-goals-overview.test.ts (17 tests) 56ms
 ✓ tests/repo/db-append-rekey.test.ts (8 tests) 14ms
stderr | tests/service/db-overview-presence-check.test.ts > loadDBOverview — 한 섹션이라도 빈틈 있으면 4섹션 전체 union 폴백 > union 폴백 중 시트 read 마저 실패 — DB 정본만 반환(기존보다 나쁘지 않음)
[db] 매입DB read 실패 — 빈 목록으로 강등: sheets down

 ✓ tests/service/db-overview-presence-check.test.ts (6 tests) 10ms
 ✓ tests/repo/lead-inflow-derive.test.ts (13 tests) 19ms
 ✓ tests/ops/parity-classify.test.ts (18 tests) 14ms
 ✓ tests/service/lead-candidates.test.ts (9 tests) 26ms
 ✓ tests/api/create-cohort-members-dates.test.ts (7 tests) 43ms
stderr | tests/service/contract-payment-write-gate.test.ts > editContractLinkedFields — 링크/수임비 동시 편집 게이트 > 비파일럿 → 둘 다 {syncDb:false}(R2 미러 불변)
[gcal-sync] meeting-change m1 동기화 실패(무시): [vitest] No "findById" export is defined on the "@/repo/meetings" mock. Did you forget to return it from "vi.mock"?
If you need to partially mock a module, you can use "importOriginal" helper inside:


 ✓ tests/service/contract-payment-write-gate.test.ts (12 tests) 26ms
 ✓ tests/service/lead-prefill.test.ts (21 tests) 15ms
 ✓ tests/service/contract-draft-sync.test.ts (15 tests) 14ms
 ✓ tests/service/dashboard-sheet-latency.test.ts (2 tests) 125ms
 ✓ tests/components/record-move.test.ts (18 tests) 16ms
 ✓ tests/repo/registry-mirror-isolation.test.ts (9 tests) 21ms
 ✓ tests/service/arena-season-config.test.ts (26 tests) 13ms
 ✓ tests/service/contact-contract-cascade-sync.test.ts (12 tests) 15ms
stderr | tests/service/profile-bundle-cache.test.ts > readBundle — STALE 구간(10분~30분, BBE-249 핵심) > 백그라운드 갱신이 실패해도 예외를 던지지 않고 이전 값을 유지한다
[me] 백그라운드 bundle 갱신 실패(spreadsheetId=sid-5): sheets 500

stderr | tests/service/profile-bundle-cache.test.ts > warmBundle — BBE-242 설계서 보강(개별 상세 프리페치, fire-and-forget) > 실패해도 예외를 던지지 않는다(호출부를 안 막음) — 다음 readBundle 이 정상 재시도한다
[me] warmBundle 실패(spreadsheetId=sid-warm-2): sheets 500

 ✓ tests/service/profile-bundle-cache.test.ts (11 tests) 58ms
 ✓ tests/repo/expense-category-lifecycle-r6.test.ts (5 tests) 34ms
 ✓ tests/api/drive-link-arena-legacy-folder.test.ts (7 tests) 22ms
 ✓ tests/service/contract-termination.test.ts (17 tests) 15ms
 ✓ tests/ops/weekly-goals-diagnostics.test.ts (5 tests) 309ms
 ✓ tests/repo/course-dates.test.ts (26 tests) 11ms
stderr | tests/repo/db-tab-sheet-sync.test.ts > queueDbTabRowSync — 실패 > 시트 반영 3회 실패 → markMirrorPending + sheet_mirror_error 계수
[db-tab-sheet-sync] 시트 수렴 실패 매입DB row=9: sheets 500

 ✓ tests/ops/registry-parity-lib.test.ts (24 tests) 21ms
 ✓ tests/repo/db-tab-sheet-sync.test.ts (7 tests) 2400ms
   ✓ queueDbTabRowSync — 실패 > 시트 반영 3회 실패 → markMirrorPending + sheet_mirror_error 계수 1875ms
 ✓ tests/service/trainer-access-settings.test.ts (30 tests) 31ms
 ✓ tests/util/save-coalesce.test.ts (12 tests) 166ms
 ✓ tests/api/weekly-goals.test.ts (19 tests) 37ms
 ✓ tests/repo/db-tab-sync.test.ts (11 tests) 16ms
 ✓ tests/api/expense-recurring-route.test.ts (5 tests) 24ms
stderr | tests/repo/db-tab-form-overlay.test.ts > readDbTabFromDb — 열문자/필드명 폼 우선순위 > 🐛blocker회귀 — Zod refinement 를 깨는 백필 행도 **사라지지 않는다**(렌더 보증 보존)
[read-db-tab] zod 실패 — 백필 base 로 렌더 유지: 직접생산:r7
[read-db-tab] zod 실패 — 백필 base 로 렌더 유지: 매입DB:r5

 ✓ tests/repo/db-tab-form-overlay.test.ts (7 tests) 15ms
 ✓ tests/repo/parse-prep-text.test.ts (7 tests) 9ms
stderr | tests/service/company-archive-write-gate.test.ts > addFromContract — 계약 생성 시 06 스냅샷 게이트 (R3-3 PR-2) > 파일럿 → upsertCompanyInfoArchive(…, {syncDb:true}) (자연키 멱등 안전 payload)
[gcal-sync] meeting-change m1 동기화 실패(무시): error:1E08010C:DECODER routines::unsupported

stderr | tests/service/company-archive-write-gate.test.ts > addFromContract — 계약 생성 시 06 스냅샷 게이트 (R3-3 PR-2) > 🔒 06 스냅샷 실패해도 계약(append)은 성공 — warn 유지(비멱등 append throw 금지, #558)
[contract-payment] 06 업체정보 스냅샷 실패 (계약 자체는 성공): 06 mirror down

 ✓ tests/service/company-archive-write-gate.test.ts (8 tests) 37ms
 ✓ tests/service/daily-source.test.ts (15 tests) 11ms
 ✓ tests/service/arena-carryover-read-gate.test.ts (3 tests) 10ms
 ✓ tests/repo/season-start-write.test.ts (7 tests) 12ms
 ↓ tests/ops/weekly-goals-history-repair.test.ts (11 tests | 11 skipped)
 ✓ tests/repo/sheets-zero-calls-pilot.test.ts (3 tests) 91ms
 ✓ tests/ops/weekly-goals-delivery.test.ts (17 tests) 223ms
stderr | tests/repo/contract-sheet-sync.test.ts > queueContractRowSync — 실패 > 시트 반영 3회 실패 → markMirrorPending + sheet_mirror_error 계수
[contract-sheet-sync] 시트 수렴 실패 row=9: sheets 500

 ✓ tests/ops/weekly-goals-runtime.test.ts (9 tests) 1899ms
   ✓ runtime and approval boundaries (synthetic; no PM2/remote access) > replays installed Next production file priority and process-env precedence: false 417ms
   ✓ runtime and approval boundaries (synthetic; no PM2/remote access) > replays installed Next production file priority and process-env precedence: true 337ms
   ✓ runtime and approval boundaries (synthetic; no PM2/remote access) > allows normal post-reload build-directory cleanup with unchanged environment files 1122ms
 ✓ tests/repo/contract-sheet-sync.test.ts (6 tests) 2432ms
   ✓ queueContractRowSync — 실패 > 시트 반영 3회 실패 → markMirrorPending + sheet_mirror_error 계수 1902ms
 ✓ tests/service/export-xlsx.test.ts (6 tests) 65ms
 ✓ tests/service/db-read-payments.test.ts (10 tests) 12ms
 ✓ tests/repo/db-profile-stats-batch.test.ts (10 tests) 13ms
 ✓ tests/service/contract-payment-list-presence-check.test.ts (6 tests) 9ms
 ✓ tests/repo/registry-read-gate.test.ts (8 tests) 11ms
 ✓ tests/format/phone.test.ts (21 tests) 9ms
 ✓ tests/service/profile-stats-db.test.ts (10 tests) 8ms
stderr | tests/service/auth-course-dates-db-write.test.ts > claimAccount → writeCourseDatesToDb 배선 > writeCourseDatesToDb 가 throw 해도 claimAccount 는 정상 완료(non-blocking)
[auth] course dates DB 동기화 실패(무시, Sheets 폴백 유지) — email=trainee@x.com Error: DB 연결 실패
    at C:\Users\Public\Documents\ESTsoft\CreatorTemp\trainer-access-settings-verify\tests\service\auth-course-dates-db-write.test.ts:101:44
    at file:///C:/Users/Public/Documents/ESTsoft/CreatorTemp/trainer-access-settings-verify/node_modules/@vitest/runner/dist/index.js:146:14
    at file:///C:/Users/Public/Documents/ESTsoft/CreatorTemp/trainer-access-settings-verify/node_modules/@vitest/runner/dist/index.js:533:11
    at runWithTimeout (file:///C:/Users/Public/Documents/ESTsoft/CreatorTemp/trainer-access-settings-verify/node_modules/@vitest/runner/dist/index.js:39:7)
    at runTest (file:///C:/Users/Public/Documents/ESTsoft/CreatorTemp/trainer-access-settings-verify/node_modules/@vitest/runner/dist/index.js:1056:17)
    at processTicksAndRejections (node:internal/process/task_queues:103:5)
    at runSuite (file:///C:/Users/Public/Documents/ESTsoft/CreatorTemp/trainer-access-settings-verify/node_modules/@vitest/runner/dist/index.js:1205:15)
    at runSuite (file:///C:/Users/Public/Documents/ESTsoft/CreatorTemp/trainer-access-settings-verify/node_modules/@vitest/runner/dist/index.js:1205:15)
    at runFiles (file:///C:/Users/Public/Documents/ESTsoft/CreatorTemp/trainer-access-settings-verify/node_modules/@vitest/runner/dist/index.js:1262:5)
    at startTests (file:///C:/Users/Public/Documents/ESTsoft/CreatorTemp/trainer-access-settings-verify/node_modules/@vitest/runner/dist/index.js:1271:3)

 ✓ tests/service/auth-course-dates-db-write.test.ts (3 tests) 11ms
stderr | tests/service/contact-company-archive-sync.test.ts > 🐛 반쪽쓰기 재현 고정 — 파일럿 06 DB 동기 실패는 삼키지 않는다 > 비파일럿 + 06 미러 실패 → warn 삼킴, patchMeeting 정상 종료(04 저장 성공 불변)
[contact] 06 업체정보 동기화 실패: mirror drop

 ✓ tests/service/contact-company-archive-sync.test.ts (5 tests) 13ms
 ✓ tests/components/weekly-goal-copy.test.ts (12 tests) 14ms
 ✓ tests/repo/contracts-write-sync.test.ts (9 tests) 16ms
 ✓ tests/service/production-count-sync-db-gate.test.ts (6 tests) 12ms
 ✓ tests/api/expense-category-migration-freeze-r6.test.ts (4 tests) 23ms
 ✓ tests/repo/weekly-goals.test.ts (11 tests) 18ms
 ✓ tests/service/db-read-production.test.ts (5 tests) 8ms
 ✓ tests/repo/sheet-title-match.test.ts (16 tests) 9ms
 ✓ tests/repo/sales-course-dates-db-first.test.ts (9 tests) 27ms
 ✓ tests/service/lead-picker-prefill.test.ts (6 tests) 9ms
 ✓ tests/service/cohort-dates.test.ts (15 tests) 7ms
 ✓ tests/repo/contract-user-fields-mirror.test.ts (6 tests) 17ms
 ✓ tests/service/contract-fanout.test.ts (8 tests) 8ms
 ✓ tests/repo/contract-append-mirror.test.ts (6 tests) 17ms
 ✓ tests/ops/backfill-sheet-rows-legacy.test.ts (12 tests) 10ms
 ✓ tests/repo/registry-db-cache.test.ts (4 tests) 6ms
 ✓ tests/service/cost-carryover-split.test.ts (8 tests) 7ms
 ✓ tests/repo/users-cache-migrate-db-backfill.test.ts (5 tests) 8ms
 ✓ tests/api/expense-category-lifecycle-r6.test.ts (9 tests) 24ms
 ✓ tests/repo/contract-clear-by-link-sync.test.ts (5 tests) 22ms
 ✓ tests/service/contract-carryover-split.test.ts (12 tests) 11ms
 ✓ tests/repo/db-tab-append-mirror.test.ts (6 tests) 18ms
 ✓ tests/components/work-manual-and-check.test.ts (9 tests) 6ms
 ✓ tests/service/db-read-meetings-banners.test.ts (8 tests) 17ms
 ✓ tests/service/company-info-txt.test.ts (9 tests) 12ms
 ✓ tests/repo/db-client-gin-index-removed.test.ts (6 tests) 69ms
 ✓ tests/service/sheet-backfill.test.ts (10 tests) 8ms
 ✓ tests/service/arena-parse.test.ts (10 tests) 9ms
 ✓ tests/service/expense-category-lifecycle-r6.test.ts (4 tests) 9ms
 ✓ tests/repo/gcal-event-ids-grid.test.ts (6 tests) 10ms
 ✓ tests/repo/mirror-pending.test.ts (7 tests) 9ms
 ✓ tests/repo/db-mirror-awaitable.test.ts (5 tests) 16ms
 ✓ tests/repo/sales-db-payload.test.ts (6 tests) 6ms
 ✓ tests/service/cohort-sheet-profile.test.ts (7 tests) 6ms
 ✓ lib/analytics/index.test.ts (4 tests) 84ms
stderr | tests/repo/drive-client-sa-share.test.ts > copyTemplateSheet — SA 공유 동반 (BBE-45) > 복제 성공 시 SA 를 writer 로 공유한다
[cohort-create] copyTemplateSheet {"templateId":"template-id","destFolderId":"folder-id","newId":"new-sheet-id","newTitle":"제목"}
[cohort-create] SA 공유 추가 {"fileId":"new-sheet-id"}

stderr | tests/repo/drive-client-sa-share.test.ts > copyTemplateSheet — SA 공유 동반 (BBE-45) > ★공유 실패해도 복제 결과를 그대로 반환한다 — 복제 성공을 실패로 뒤집지 않는다
[cohort-create] copyTemplateSheet {"templateId":"template-id","destFolderId":"folder-id","newId":"new-sheet-id","newTitle":"제목"}
[cohort-create] SA 공유 실패(복제는 성공 — 링크공유로 동작 중) {"fileId":"new-sheet-id","msg":"The caller does not have permission"}

stderr | tests/repo/drive-client-sa-share.test.ts > copyTemplateSheet — SA 공유 동반 (BBE-45) > 이미 공유돼 있으면(already exists) 조용히 통과한다 — 재시도 멱등
[cohort-create] copyTemplateSheet {"templateId":"template-id","destFolderId":"folder-id","newId":"new-sheet-id","newTitle":"제목"}

 ✓ tests/repo/drive-client-sa-share.test.ts (4 tests) 9ms
 ✓ tests/repo/users-prep-columns.test.ts (5 tests) 17ms
 ✓ tests/ops/scoreboard-parity-lib.test.ts (5 tests) 8ms
 ✓ tests/service/no-sheet-guard.test.ts (3 tests) 5ms
 ✓ tests/components/identity-guard.test.ts (9 tests) 6ms
 ✓ tests/service/arena-season-group.test.ts (8 tests) 8ms
 ✓ tests/repo/db-row-key.test.ts (8 tests) 10ms
 ✓ tests/service/expense-ledger-read-repro.test.ts (3 tests) 42ms
 ✓ tests/repo/db-migrate.test.ts (8 tests) 21ms
 ✓ tests/service/lead-list.test.ts (10 tests) 22ms
 ✓ tests/service/dashboard-expense-ledger.test.ts (4 tests) 9ms
 ✓ tests/service/announcements.test.ts (8 tests) 27ms
 ✓ tests/service/db-read-schedule.test.ts (4 tests) 6ms
 ✓ tests/repo/roster-dedup.test.ts (7 tests) 8ms
 ✓ tests/service/scoreboard-cache-date.test.ts (1 test) 4215ms
   ✓ scoreboard 캐시 직렬화 회귀 (P0 2026-07-29) > 캐시 히트(Date→string 강등) + 해지 계약 존재에서 번들이 성공하고 차감이 맞는다 4213ms
 ✓ tests/repo/db-presence-check.test.ts (6 tests) 10ms
 ✓ tests/format/money.test.ts (13 tests) 29ms
 ✓ tests/repo/db-production-count-cell.test.ts (4 tests) 8ms
 ✓ tests/service/weekly-goals-actuals.test.ts (6 tests) 13ms
 ✓ tests/repo/db-cleared-flag.test.ts (2 tests) 6ms
 ✓ tests/repo/sales-coords.test.ts (17 tests) 8ms
 ✓ tests/components/guide-url.test.ts (7 tests) 9ms
 ✓ tests/types/lead-id-contract.test.ts (5 tests) 16ms
 ✓ tests/service/gcal-sync.test.ts (10 tests) 11ms
 ✓ tests/components/lead-backlog.test.ts (7 tests) 6ms
 ✓ tests/service/db-read-calendar.test.ts (5 tests) 15ms
 ✓ tests/service/append-updates-parse.test.ts (8 tests) 7ms
 ✓ tests/api/trainer-access-settings.test.ts (14 tests) 22ms
 ✓ tests/repo/contracts-clear-sync.test.ts (5 tests) 11ms
 ✓ tests/service/db-read-company-archive.test.ts (4 tests) 9ms
 ✓ tests/service/db-row-dirty.test.ts (9 tests) 6ms
 ✓ tests/service/active-anchor.test.ts (6 tests) 18ms
 ↓ tests/ops/training-region.test.ts (4 tests | 4 skipped)
 ✓ tests/service/notice-html.test.ts (9 tests) 152ms
 ✓ tests/components/weekly-goal-transport.test.ts (7 tests) 17ms
 ✓ tests/repo/cohort-pending.test.ts (5 tests) 5ms
 ✓ tests/api/arena-season-start-route.test.ts (4 tests) 15ms
 ✓ tests/app/admin-cohorts-read-only.test.ts (2 tests) 7ms
 ✓ tests/repo/company-info-archive.test.ts (5 tests) 18ms
 ✓ tests/repo/expense-ledger-date-mapper.test.ts (5 tests) 11ms
 ✓ tests/auth/writable-user.test.ts (4 tests) 7ms
 ✓ tests/repo/registry-read-fallback.test.ts (4 tests) 9ms
 ✓ tests/service/payment-progress.test.ts (9 tests) 8ms
 ✓ tests/api/dashboard-auth-response.test.ts (3 tests) 28ms
 ✓ tests/repo/gcal-crypto.test.ts (7 tests) 12ms
 ✓ tests/repo/week-parse.test.ts (4 tests) 8ms
 ✓ tests/ops/backfill-db-row-numbers.test.ts (8 tests) 6ms
 ✓ tests/repo/trainer-access-settings.test.ts (4 tests) 15ms
 ✓ tests/service/daily-move.test.ts (2 tests) 6ms
stderr | tests/repo/drive-sa-share-unit.test.ts > shareWithServiceAccount > 전달받은 client 로 SA 를 writer 공유하고 새 클라이언트를 만들지 않는다
[cohort-create] SA 공유 추가 {"fileId":"file-1"}

stderr | tests/repo/drive-sa-share-unit.test.ts > shareWithServiceAccount > 다른 이유로 실패해도 throw 하지 않는다(경고만)
[cohort-create] SA 공유 실패(복제는 성공 — 링크공유로 동작 중) {"fileId":"file-1","msg":"The caller does not have permission"}

 ✓ tests/repo/drive-sa-share-unit.test.ts (3 tests) 9ms
 ✓ tests/api/expense-error-response.test.ts (8 tests) 72ms
 ✓ tests/ops/weekly-goals-migrate-client.test.ts (2 tests) 32ms
 ✓ tests/api/gcal-callback-failure-kinds.test.ts (4 tests) 4ms
 ✓ tests/repo/db-read-tab-uuid-row.test.ts (3 tests) 18ms
 ✓ tests/repo/preferred-row.test.ts (4 tests) 7ms
 ✓ tests/repo/active-arena-row.test.ts (3 tests) 8ms
 ✓ tests/repo/name-match.test.ts (7 tests) 6ms
 ✓ tests/repo/company-info.test.ts (6 tests) 11ms
 ✓ tests/service/gcal-guard.test.ts (4 tests) 5ms
 ✓ tests/util/weekly-goal-proposal.test.ts (11 tests) 8ms
 ✓ tests/service/dashboard.test.ts (5 tests) 18ms
 ✓ tests/service/db-row-key.test.ts (3 tests) 5ms
 ✓ tests/repo/num-cell.test.ts (4 tests) 5ms
 ✓ tests/repo/gcal-token.test.ts (5 tests) 15ms
 ✓ tests/types/db-vat-flag.test.ts (4 tests) 7ms
 ✓ tests/service/db-production-aggregate.test.ts (4 tests) 5ms
 ✓ lib/pricing.test.ts (5 tests) 4ms
 ✓ tests/service/auth-arena-guard.test.ts (4 tests) 6ms
 ✓ tests/util/weekly-goal-navigation.test.ts (11 tests) 7ms
 ✓ tests/components/meeting-conflicts.test.ts (2 tests) 5ms
 ✓ tests/auth/dev-stub.test.ts (3 tests) 4ms
 ✓ tests/repo/registry-append.test.ts (2 tests) 4ms
 ✓ tests/service/scoreboard.test.ts (3 tests) 18ms
 ✓ tests/service/direct-production-overlap.test.ts (5 tests) 4ms

 Test Files  186 passed | 2 skipped (188)
      Tests  1924 passed | 37 skipped (1961)
   Start at  18:50:03
   Duration  59.57s (transform 12.70s, setup 785ms, collect 227.99s, tests 29.15s, environment 12.68s, prepare 40.82s)


▶ file size cap (500 lines)
  ✔ all files ≤ 500 lines

▶ doc drift
▶ A. components/ → components.md
  ✔ Analytics
  ✔ CarryoverBadge
  ✔ CompanyInfoContractSection
  ✔ CompanyInfoEditor
  ✔ DDayBadge
  ✔ DirtyGuard
  ✔ PageContainer
  ✔ PullToRefresh
  ✔ TabBar
  ✔ TopHeader
  ✔ AnnouncementsGate
  ✔ MarkdownView
  ✔ NewBadge
  ✔ NoticeContentView
  ✔ NoticePopup
  ✔ RichContentView
  ✔ RichNoticeEditor
  ✔ UpdateAccordion
  ✔ AdminUserPicker
  ✔ AdminUserPickerSections
  ✔ ArenaCaptainToggle
  ✔ ArenaCarryoverButton
  ✔ ArenaCohortBoard
  ✔ ArenaCreateModal
  ✔ ArenaSeasonGroups
  ✔ BulkReserveButton
  ✔ CohortCategoryBoxes
  ✔ CohortCreateModal
  ✔ CohortMgmtPanel
  ✔ CohortPendingRetryButton
  ✔ IdentityGuard
  ✔ ImpersonationBanner
  ✔ LoginScene
  ✔ LogoutButton
  ✔ MigrateCacheButton
  ✔ PendingApprovalScreen
  ✔ PersistentDetails
  ✔ ScoreboardRefreshButton
  ✔ SeasonStartInput
  ✔ SortableList
  ✔ SortableTraineeBox
  ✔ TraineeCard
  ✔ TraineePrepBulkForm
  ✔ TrainerAccessEditor
  ✔ TrainerAssignCard
  ✔ TrainerCohortView
  ✔ TrainerMgmtManagement
  ✔ TrainerMgmtPanel
  ✔ TrainerMgmtSections
  ✔ TrainerPlayerToggle
  ✔ UnifiedPrepCard
  ✔ WebviewWarning
  ✔ ChannelPerformance
  ✔ DashboardProgressBanner
  ✔ FinanceSummaryBoxes
  ✔ FunnelChart
  ✔ OperatingProfitCard
  ✔ ProductivityIndicators
  ✔ WeeklyDualChart
  ✔ ExpenseCategoryPicker
  ✔ ExpenseLedgerDialog
  ✔ ExpenseLedgerTable
  ✔ AwardPodium
  ✔ CohortSummaryBoard
  ✔ ScoreboardView
  ✔ ChannelBadge
  ✔ CrossTabHintModal
  ✔ DateInputCustom
  ✔ LoadingOverlay
  ✔ LoadingProvider
  ✔ MetricStepper
  ✔ MoneyInput
  ✔ PhoneInput
  ✔ TimePicker15
  ✔ TimeSelectPair
  ✔ GoalCompactMetrics
  ✔ GoalCopyPanel
  ✔ GoalDraftTools
  ✔ GoalInternalEditor
  ✔ GoalRings
  ✔ TrainerGoalOverview
  ✔ WeeklyGoalEditor
  ✔ WeeklyGoalPage
  ✔ WeeklyGoalSummary

▶ B. app/(app)/_components/ → components.md
  ✔ GcalConnectCard
  ✔ GcalItemToggle
  ✔ GeneralEventModal
  ✔ MonthGrid
  ✔ TodoDayCard
  ✔ TodoTypeIcon
  ✔ ChannelTabsAndPanel
  ✔ ContactResultModals
  ✔ LeadPickerModal
  ✔ MeetingDirtyGuard
  ✔ MeetingPickerModal
  ✔ MeetingSlotCard
  ✔ MeetingSlotItem
  ✔ MeetingSlotList
  ✔ MetricComparison
  ✔ RecordMoveModal
  ✔ RecordMoveReceipt
  ✔ RecordMoveReview
  ✔ SaveBar
  ✔ SaveConfirmModal
  ✔ WeekHeader
  ✔ record-move-options
  ✔ ChannelTabs
  ✔ ConfirmModal
  ✔ DbNudgeBanner
  ✔ OverallCard
  ✔ RowCard
  ✔ RowForm
  ✔ RowList
  ✔ SummaryCard
  ✔ CheckboxList
  ✔ CompanySearchBar
  ✔ ContractRow
  ✔ DeleteConfirmModal
  ✔ DriveLinkBar
  ✔ LinkedFieldsEditor
  ✔ PaymentSlotForm
  ✔ PaymentSortControl
  ✔ PriorContractRegister
  ✔ PriorContractSection
  ✔ TerminationArchive
  ✔ TerminationModal
  ✔ TodoFormModal
  ✔ TodoSection
  ✔ nameHighlight
  ✔ AddMeetingForm
  ✔ BasicEditDetails
  ✔ CancelForm
  ✔ ContractForm
  ✔ DaySection
  ✔ DoneForm
  ✔ MeetingResultCard
  ✔ RescheduleForm
  ✔ SummaryBar
  ✔ WeekBody
  ✔ WeekFallback
  ✔ WeekHeader

▶ C. lib/types exports → data-model.md
  ✔ AmountWon
  ✔ CategoryName
  ✔ Channel
  ✔ ChannelDailyRow
  ✔ CompanyInfo
  ✔ ContractPayment
  ✔ DBBanner
  ✔ DBLead
  ✔ DBProduction
  ✔ DBPurchase
  ✔ DashboardChannelMatrix
  ✔ DashboardCostBreakdown
  ✔ DashboardKPI
  ✔ DashboardView
  ✔ DashboardWeeklyPoint
  ✔ DeleteExpenseCategoryResult
  ✔ ExpenseCategory
  ✔ ExpenseCategoryUsage
  ✔ ExpenseEntry
  ✔ ExpenseId
  ✔ ExpenseLedgerView
  ✔ ExpenseName
  ✔ ExpenseQuery
  ✔ ExpenseReclassificationRef
  ✔ GoalOverviewRow
  ✔ GoalStudent
  ✔ GoalWeek
  ✔ IsoDate
  ✔ IsoMonth
  ✔ Meeting
  ✔ MeetingState
  ✔ MetricKey
  ✔ NormalizedTrainerActor
  ✔ NormalizedTrainerStudent
  ✔ Notice
  ✔ NoticeAudience
  ✔ NoticeDisplayMode
  ✔ PatchRecurringRuleBody
  ✔ PaymentSlot
  ✔ Progress
  ✔ RankingEntry
  ✔ RankingMetric
  ✔ ReclassifyUnclassifiedBody
  ✔ ReclassifyUnclassifiedResult
  ✔ RecurringRule
  ✔ Todo
  ✔ TodoType
  ✔ TrainerAccessCommand
  ✔ TrainerAccessPerson
  ✔ TrainerAccessQualification
  ✔ TrainerAccessSetting
  ✔ TrainerAccessValue
  ✔ TrainerAccountKey
  ✔ TrainerGradeSchema
  ✔ TrainerGrantsSchema
  ✔ UpdateItem
  ✔ User
  ✔ WeeklyGoalInput
  ✔ WeeklyGoalKey
  ✔ WeeklyGoalPrivateInput
  ✔ WeeklyGoalPrivateRecord
  ✔ WeeklyGoalRecord
  ✔ WeeklyGoalValues
  ✔ WeeklyGoalView

▶ D. SHEET_RANGES.* keys → sheet-structure.md
  ✔ companyInfoArchive
  ✔ contractPayment
  ✔ dashboard
  ✔ dbManagement
  ✔ meetings
  ✔ notices
  ✔ sales
  ✔ todos
  ✔ updates

✅ doc-drift PASSED

▶ active plan present


▶ worktree hygiene
  ✔ wt/ 없음
✅ check.sh PASSED
