X [ERROR] Cannot read directory "../../../../..": Access is denied.

X [ERROR] Could not resolve "C:\\Users\\Belief-desktop\\Desktop\\개발프로젝트\\경영일지\\wt\\trainer-access-policy\\vitest.config.ts"

failed to load config from C:\Users\Belief-desktop\Desktop\개발프로젝트\경영일지\wt\trainer-access-policy\vitest.config.ts

⎯⎯⎯⎯⎯⎯⎯ Startup Error ⎯⎯⎯⎯⎯⎯⎯⎯
Error: Build failed with 2 errors:
error: Cannot read directory "../../../../..": Access is denied.
error: Could not resolve "C:\\Users\\Belief-desktop\\Desktop\\개발프로젝트\\경영일지\\wt\\trainer-access-policy\\vitest.config.ts"
    at failureErrorWithLog (C:\Users\Belief-desktop\Desktop\개발프로젝트\경영일지\wt\trainer-access-policy\node_modules\esbuild\lib\main.js:1472:15)
    at C:\Users\Belief-desktop\Desktop\개발프로젝트\경영일지\wt\trainer-access-policy\node_modules\esbuild\lib\main.js:945:25
    at runOnEndCallbacks (C:\Users\Belief-desktop\Desktop\개발프로젝트\경영일지\wt\trainer-access-policy\node_modules\esbuild\lib\main.js:1315:45)
    at buildResponseToResult (C:\Users\Belief-desktop\Desktop\개발프로젝트\경영일지\wt\trainer-access-policy\node_modules\esbuild\lib\main.js:943:7)
    at C:\Users\Belief-desktop\Desktop\개발프로젝트\경영일지\wt\trainer-access-policy\node_modules\esbuild\lib\main.js:970:16
    at responseCallbacks.<computed> (C:\Users\Belief-desktop\Desktop\개발프로젝트\경영일지\wt\trainer-access-policy\node_modules\esbuild\lib\main.js:622:9)
    at handleIncomingPacket (C:\Users\Belief-desktop\Desktop\개발프로젝트\경영일지\wt\trainer-access-policy\node_modules\esbuild\lib\main.js:677:12)
    at Socket.readFromStdout (C:\Users\Belief-desktop\Desktop\개발프로젝트\경영일지\wt\trainer-access-policy\node_modules\esbuild\lib\main.js:600:7)
    at Socket.emit (node:events:519:28)
    at addChunk (node:internal/streams/readable:561:12) {
  errors: [Getter/Setter],
  warnings: [Getter/Setter]
}



