[33mThe CJS build of Vite's Node API is deprecated. See https://vite.dev/guide/troubleshooting.html#vite-cjs-node-api-deprecated for more details.[39m

[1m[7m[36m RUN [39m[27m[22m [36mv2.1.9 [39m[90mC:/Users/Belief-desktop/Desktop/개발프로젝트/경영일지/wt/trainer-access-policy[39m

 [32m✓[39m tests/util/trainer-access-policy.test.ts[2m > [22mdefaultTrainerGrants[2m > [22mregular gets only active RW
 [32m✓[39m tests/util/trainer-access-policy.test.ts[2m > [22mdefaultTrainerGrants[2m > [22mapprentice gets only active RW
 [32m✓[39m tests/util/trainer-access-policy.test.ts[2m > [22mdefaultTrainerGrants[2m > [22munknown grade undefined denies every category
 [32m✓[39m tests/util/trainer-access-policy.test.ts[2m > [22mdefaultTrainerGrants[2m > [22munknown grade null denies every category
 [32m✓[39m tests/util/trainer-access-policy.test.ts[2m > [22mdefaultTrainerGrants[2m > [22munknown grade "" denies every category
 [32m✓[39m tests/util/trainer-access-policy.test.ts[2m > [22mdefaultTrainerGrants[2m > [22munknown grade "unknown" denies every category
 [32m✓[39m tests/util/trainer-access-policy.test.ts[2m > [22mdefaultTrainerGrants[2m > [22munknown grade "Senior" denies every category
 [32m✓[39m tests/util/trainer-access-policy.test.ts[2m > [22mdefaultTrainerGrants[2m > [22munknown grade " senior " denies every category
 [32m✓[39m tests/util/trainer-access-policy.test.ts[2m > [22mdefaultTrainerGrants[2m > [22munknown grade "constructor" denies every category
 [32m✓[39m tests/util/trainer-access-policy.test.ts[2m > [22mdefaultTrainerGrants[2m > [22munknown grade "__proto__" denies every category
 [32m✓[39m tests/util/trainer-access-policy.test.ts[2m > [22mdefaultTrainerGrants[2m > [22munknown grade 1 denies every category
 [32m✓[39m tests/util/trainer-access-policy.test.ts[2m > [22mdefaultTrainerGrants[2m > [22munknown grade {} denies every category
 [32m✓[39m tests/util/trainer-access-policy.test.ts[2m > [22mdefaultTrainerGrants[2m > [22munknown grade %j denies every category
 [32m✓[39m tests/util/trainer-access-policy.test.ts[2m > [22mdefaultTrainerGrants[2m > [22msenior gets explicit read/write grants for all categories

[2m Test Files [22m [1m[32m1 passed[39m[22m[90m (1)[39m
[2m      Tests [22m [1m[32m14 passed[39m[22m[90m (14)[39m
[2m   Start at [22m 17:10:59
[2m   Duration [22m 1.27s[2m (transform 47ms, setup 17ms, collect 52ms, tests 4ms, environment 0ms, prepare 219ms)[22m

