[33mThe CJS build of Vite's Node API is deprecated. See https://vite.dev/guide/troubleshooting.html#vite-cjs-node-api-deprecated for more details.[39m

[1m[7m[36m RUN [39m[27m[22m [36mv2.1.9 [39m[90mC:/Users/Belief-desktop/Desktop/개발프로젝트/경영일지/wt/trainer-access-policy[39m

 [32m✓[39m tests/util/trainer-access-policy.test.ts[2m > [22misTrainerGrants[2m > [22maccepts complete boolean grants {"active":{"read":true,"write":true},"arena":{"read":false,"write":false},"archived":{"read":false,"write":false}}
 [32m✓[39m tests/util/trainer-access-policy.test.ts[2m > [22misTrainerGrants[2m > [22maccepts complete boolean grants {"active":{"read":false,"write":false},"arena":{"read":true,"write":true},"archived":{"read":true,"write":true}}
 [32m✓[39m tests/util/trainer-access-policy.test.ts[2m > [22misTrainerGrants[2m > [22maccepts complete boolean grants {"active":{"read":true,"write":false},"arena":{"read":false,"write":false},"archived":{"read":false,"write":false}}
 [32m✓[39m tests/util/trainer-access-policy.test.ts[2m > [22misTrainerGrants[2m > [22mrejects malformed grants #+0 without repairing them
 [32m✓[39m tests/util/trainer-access-policy.test.ts[2m > [22misTrainerGrants[2m > [22mrejects malformed grants #1 without repairing them
 [32m✓[39m tests/util/trainer-access-policy.test.ts[2m > [22misTrainerGrants[2m > [22mrejects malformed grants #2 without repairing them
 [32m✓[39m tests/util/trainer-access-policy.test.ts[2m > [22misTrainerGrants[2m > [22mrejects malformed grants #3 without repairing them
 [32m✓[39m tests/util/trainer-access-policy.test.ts[2m > [22misTrainerGrants[2m > [22mrejects malformed grants #4 without repairing them
 [32m✓[39m tests/util/trainer-access-policy.test.ts[2m > [22misTrainerGrants[2m > [22mrejects malformed grants #5 without repairing them
 [32m✓[39m tests/util/trainer-access-policy.test.ts[2m > [22misTrainerGrants[2m > [22mrejects malformed grants #6 without repairing them
 [32m✓[39m tests/util/trainer-access-policy.test.ts[2m > [22misTrainerGrants[2m > [22mrejects malformed grants #7 without repairing them
 [32m✓[39m tests/util/trainer-access-policy.test.ts[2m > [22misTrainerGrants[2m > [22mrejects malformed grants #8 without repairing them
 [32m✓[39m tests/util/trainer-access-policy.test.ts[2m > [22misTrainerGrants[2m > [22mrejects malformed grants #9 without repairing them
 [32m✓[39m tests/util/trainer-access-policy.test.ts[2m > [22misTrainerGrants[2m > [22mrejects malformed grants #10 without repairing them
 [32m✓[39m tests/util/trainer-access-policy.test.ts[2m > [22misTrainerGrants[2m > [22mrejects malformed grants #11 without repairing them
 [32m✓[39m tests/util/trainer-access-policy.test.ts[2m > [22misTrainerGrants[2m > [22mrejects malformed grants #12 without repairing them
 [32m✓[39m tests/util/trainer-access-policy.test.ts[2m > [22misTrainerGrants[2m > [22mrejects malformed grants #13 without repairing them
 [32m✓[39m tests/util/trainer-access-policy.test.ts[2m > [22misTrainerGrants[2m > [22mrejects malformed grants #14 without repairing them
 [32m✓[39m tests/util/trainer-access-policy.test.ts[2m > [22misTrainerGrants[2m > [22mrejects malformed grants #15 without repairing them
 [32m✓[39m tests/util/trainer-access-policy.test.ts[2m > [22misTrainerGrants[2m > [22mrejects malformed grants #16 without repairing them
 [32m✓[39m tests/util/trainer-access-policy.test.ts[2m > [22misTrainerGrants[2m > [22mrejects malformed grants #17 without repairing them
 [32m✓[39m tests/util/trainer-access-policy.test.ts[2m > [22misTrainerGrants[2m > [22mrejects malformed grants #18 without repairing them
 [32m✓[39m tests/util/trainer-access-policy.test.ts[2m > [22misTrainerGrants[2m > [22mrejects malformed grants #19 without repairing them
 [32m✓[39m tests/util/trainer-access-policy.test.ts[2m > [22misTrainerGrants[2m > [22mrejects malformed grants #20 without repairing them
 [32m✓[39m tests/util/trainer-access-policy.test.ts[2m > [22mdefaultTrainerGrants[2m > [22mregular gets only active RW
 [32m✓[39m tests/util/trainer-access-policy.test.ts[2m > [22mdefaultTrainerGrants[2m > [22mapprentice gets only active RW
 [32m✓[39m tests/util/trainer-access-policy.test.ts[2m > [22mdefaultTrainerGrants[2m > [22munknown grade undefined denies every category
 [32m✓[39m tests/util/trainer-access-policy.test.ts[2m > [22mdefaultTrainerGrants[2m > [22munknown grade null denies every category
 [32m✓[39m tests/util/trainer-access-policy.test.ts[2m > [22mdefaultTrainerGrants[2m > [22munknown grade "" denies every category
 [32m✓[39m tests/util/trainer-access-policy.test.ts[2m > [22mdefaultTrainerGrants[2m > [22munknown grade "unknown" denies every category
 [32m✓[39m tests/util/trainer-access-policy.test.ts[2m > [22mdefaultTrainerGrants[2m > [22munknown grade "Senior" denies every category
 [32m✓[39m tests/util/trainer-access-policy.test.ts[2m > [22mdefaultTrainerGrants[2m > [22munknown grade " senior " denies every category
 [32m✓[39m tests/util/trainer-access-policy.test.ts[2m > [22mdefaultTrainerGrants[2m > [22munknown grade "constructor" denies every category
 [32m✓[39m tests/util/trainer-access-policy.test.ts[2m > [22mdefaultTrainerGrants[2m > [22munknown grade "__proto__" denies every category
 [32m✓[39m tests/util/trainer-access-policy.test.ts[2m > [22mdefaultTrainerGrants[2m > [22munknown grade 1 denies every category
 [32m✓[39m tests/util/trainer-access-policy.test.ts[2m > [22mdefaultTrainerGrants[2m > [22munknown grade {} denies every category
 [32m✓[39m tests/util/trainer-access-policy.test.ts[2m > [22mdefaultTrainerGrants[2m > [22munknown grade %j denies every category
 [32m✓[39m tests/util/trainer-access-policy.test.ts[2m > [22mdefaultTrainerGrants[2m > [22msenior gets explicit read/write grants for all categories

[2m Test Files [22m [1m[32m1 passed[39m[22m[90m (1)[39m
[2m      Tests [22m [1m[32m38 passed[39m[22m[90m (38)[39m
[2m   Start at [22m 17:12:12
[2m   Duration [22m 1.02s[2m (transform 56ms, setup 21ms, collect 58ms, tests 8ms, environment 0ms, prepare 582ms)[22m

