[33mThe CJS build of Vite's Node API is deprecated. See https://vite.dev/guide/troubleshooting.html#vite-cjs-node-api-deprecated for more details.[39m

[1m[7m[36m RUN [39m[27m[22m [36mv2.1.9 [39m[90mC:/Users/Belief-desktop/Desktop/개발프로젝트/경영일지/wt/trainer-access-policy[39m

 [32m✓[39m tests/util/trainer-access-policy.test.ts[2m > [22misTrainerGrants[2m > [22maccepts complete boolean grants {"active":{"read":true,"write":true},"arena":{"read":false,"write":false},"archived":{"read":false,"write":false}}
 [32m✓[39m tests/util/trainer-access-policy.test.ts[2m > [22misTrainerGrants[2m > [22maccepts complete boolean grants {"active":{"read":false,"write":false},"arena":{"read":true,"write":true},"archived":{"read":true,"write":true}}
 [32m✓[39m tests/util/trainer-access-policy.test.ts[2m > [22misTrainerGrants[2m > [22maccepts complete boolean grants {"active":{"read":true,"write":false},"arena":{"read":false,"write":false},"archived":{"read":false,"write":false}}
 [32m✓[39m tests/util/trainer-access-policy.test.ts[2m > [22misTrainerGrants[2m > [22mrejects malformed grants #+0 without repairing them
 [32m✓[39m tests/util/trainer-access-policy.test.ts[2m > [22misTrainerGrants[2m > [22mrejects malformed grants #1 without repairing them
 [32m✓[39m tests/util/trainer-access-policy.test.ts[2m > [22misTrainerGrants[2m > [22mrejects malformed grants #2 without repairing them
 [32m✓[39m tests/util/trainer-access-policy.test.ts[2m > [22misTrainerGrants[2m > [22mrejects malformed grants #3 without repairing them
 [32m✓[39m tests/util/trainer-access-policy.test.ts[2m > [22misTrainerGrants[2m > [22mrejects malformed grants #4 without repairing them
 [32m✓[39m tests/util/trainer-access-policy.test.ts[2m > [22misTrainerGrants[2m > [22mrejects malformed grants #5 without repairing them
 [32m✓[39m tests/util/trainer-access-policy.test.ts[2m > [22misTrainerGrants[2m > [22mrejects malformed grants #6 without repairing them
 [32m✓[39m tests/util/trainer-access-policy.test.ts[2m > [22misTrainerGrants[2m > [22mrejects malformed grants #7 without repairing them
 [32m✓[39m tests/util/trainer-access-policy.test.ts[2m > [22misTrainerGrants[2m > [22mrejects malformed grants #8 without repairing them
 [32m✓[39m tests/util/trainer-access-policy.test.ts[2m > [22misTrainerGrants[2m > [22mrejects malformed grants #9 without repairing them
 [32m✓[39m tests/util/trainer-access-policy.test.ts[2m > [22misTrainerGrants[2m > [22mrejects malformed grants #10 without repairing them
 [32m✓[39m tests/util/trainer-access-policy.test.ts[2m > [22misTrainerGrants[2m > [22mrejects malformed grants #11 without repairing them
 [32m✓[39m tests/util/trainer-access-policy.test.ts[2m > [22misTrainerGrants[2m > [22mrejects malformed grants #12 without repairing them
 [32m✓[39m tests/util/trainer-access-policy.test.ts[2m > [22misTrainerGrants[2m > [22mrejects malformed grants #13 without repairing them
 [32m✓[39m tests/util/trainer-access-policy.test.ts[2m > [22misTrainerGrants[2m > [22mrejects malformed grants #14 without repairing them
 [32m✓[39m tests/util/trainer-access-policy.test.ts[2m > [22misTrainerGrants[2m > [22mrejects malformed grants #15 without repairing them
 [32m✓[39m tests/util/trainer-access-policy.test.ts[2m > [22misTrainerGrants[2m > [22mrejects malformed grants #16 without repairing them
 [32m✓[39m tests/util/trainer-access-policy.test.ts[2m > [22misTrainerGrants[2m > [22mrejects malformed grants #17 without repairing them
 [32m✓[39m tests/util/trainer-access-policy.test.ts[2m > [22misTrainerGrants[2m > [22mrejects malformed grants #18 without repairing them
 [32m✓[39m tests/util/trainer-access-policy.test.ts[2m > [22misTrainerGrants[2m > [22mrejects malformed grants #19 without repairing them
 [32m✓[39m tests/util/trainer-access-policy.test.ts[2m > [22misTrainerGrants[2m > [22mrejects malformed grants #20 without repairing them
 [32m✓[39m tests/util/trainer-access-policy.test.ts[2m > [22mclassifyTrainerStudent[2m > [22mrequires a confirmed regular cohort before returning active
 [32m✓[39m tests/util/trainer-access-policy.test.ts[2m > [22mclassifyTrainerStudent[2m > [22marena evidence overrides ordinary type: {"cohortType":"arena"}
 [32m✓[39m tests/util/trainer-access-policy.test.ts[2m > [22mclassifyTrainerStudent[2m > [22marena evidence overrides ordinary type: {"isArenaLabel":true}
 [32m✓[39m tests/util/trainer-access-policy.test.ts[2m > [22mclassifyTrainerStudent[2m > [22marena evidence overrides ordinary type: {"cohortType":"cohort","isArenaLabel":true}
 [32m✓[39m tests/util/trainer-access-policy.test.ts[2m > [22mclassifyTrainerStudent[2m > [22marchived row/cohort wins over active and arena: {"rowStatus":"archived"}
 [32m✓[39m tests/util/trainer-access-policy.test.ts[2m > [22mclassifyTrainerStudent[2m > [22marchived row/cohort wins over active and arena: {"cohortStatus":"archived"}
 [32m✓[39m tests/util/trainer-access-policy.test.ts[2m > [22mclassifyTrainerStudent[2m > [22marchived row/cohort wins over active and arena: {"cohortStatus":"archived","rowStatus":"archived"}
 [32m✓[39m tests/util/trainer-access-policy.test.ts[2m > [22mclassifyTrainerStudent[2m > [22marchived row/cohort wins over active and arena: {"cohortStatus":"archived","cohortType":"arena","isArenaLabel":true}
 [32m✓[39m tests/util/trainer-access-policy.test.ts[2m > [22mclassifyTrainerStudent[2m > [22marchived row/cohort wins over active and arena: {"rowStatus":"archived","cohortType":"arena","isArenaLabel":true}
 [32m✓[39m tests/util/trainer-access-policy.test.ts[2m > [22mclassifyTrainerStudent[2m > [22mexcludes ineligible or unknown input: {"rowStatus":"pending"}
 [32m✓[39m tests/util/trainer-access-policy.test.ts[2m > [22mclassifyTrainerStudent[2m > [22mexcludes ineligible or unknown input: {"rowStatus":"inactive"}
 [32m✓[39m tests/util/trainer-access-policy.test.ts[2m > [22mclassifyTrainerStudent[2m > [22mexcludes ineligible or unknown input: {"rowStatus":null}
 [32m✓[39m tests/util/trainer-access-policy.test.ts[2m > [22mclassifyTrainerStudent[2m > [22mexcludes ineligible or unknown input: {"rowStatus":"reserved"}
 [32m✓[39m tests/util/trainer-access-policy.test.ts[2m > [22mclassifyTrainerStudent[2m > [22mexcludes ineligible or unknown input: {"rowStatus":""}
 [32m✓[39m tests/util/trainer-access-policy.test.ts[2m > [22mclassifyTrainerStudent[2m > [22mexcludes ineligible or unknown input: {"rowStatus":"unknown"}
 [32m✓[39m tests/util/trainer-access-policy.test.ts[2m > [22mclassifyTrainerStudent[2m > [22mexcludes ineligible or unknown input: {"isReserved":true}
 [32m✓[39m tests/util/trainer-access-policy.test.ts[2m > [22mclassifyTrainerStudent[2m > [22mexcludes ineligible or unknown input: {"isReserved":true,"rowStatus":"archived"}
 [32m✓[39m tests/util/trainer-access-policy.test.ts[2m > [22mclassifyTrainerStudent[2m > [22mexcludes ineligible or unknown input: {"rowStatus":"pending","cohortStatus":"archived"}
 [32m✓[39m tests/util/trainer-access-policy.test.ts[2m > [22mclassifyTrainerStudent[2m > [22mexcludes ineligible or unknown input: {}
 [32m✓[39m tests/util/trainer-access-policy.test.ts[2m > [22mclassifyTrainerStudent[2m > [22mexcludes ineligible or unknown input: {"cohortStatus":null}
 [32m✓[39m tests/util/trainer-access-policy.test.ts[2m > [22mclassifyTrainerStudent[2m > [22mexcludes ineligible or unknown input: {"cohortStatus":"unknown"}
 [32m✓[39m tests/util/trainer-access-policy.test.ts[2m > [22mclassifyTrainerStudent[2m > [22mexcludes ineligible or unknown input: {}
 [32m✓[39m tests/util/trainer-access-policy.test.ts[2m > [22mclassifyTrainerStudent[2m > [22mexcludes ineligible or unknown input: {"cohortType":null}
 [32m✓[39m tests/util/trainer-access-policy.test.ts[2m > [22mclassifyTrainerStudent[2m > [22mexcludes ineligible or unknown input: {"cohortType":"unknown"}
 [32m✓[39m tests/util/trainer-access-policy.test.ts[2m > [22mclassifyTrainerStudent[2m > [22mexcludes ineligible or unknown input: {"cohortMetadataTrusted":false}
 [32m✓[39m tests/util/trainer-access-policy.test.ts[2m > [22mclassifyTrainerStudent[2m > [22mexcludes ineligible or unknown input: {}
 [32m✓[39m tests/util/trainer-access-policy.test.ts[2m > [22mclassifyTrainerStudent[2m > [22mexcludes ineligible or unknown input: {"cohortMetadataTrusted":"true"}
 [32m✓[39m tests/util/trainer-access-policy.test.ts[2m > [22mclassifyTrainerStudent[2m > [22mexcludes ineligible or unknown input: {"cohortMetadataTrusted":false,"rowStatus":"archived"}
 [32m✓[39m tests/util/trainer-access-policy.test.ts[2m > [22mclassifyTrainerStudent[2m > [22mexcludes ineligible or unknown input: {}
 [32m✓[39m tests/util/trainer-access-policy.test.ts[2m > [22mclassifyTrainerStudent[2m > [22mexcludes ineligible or unknown input: {"isArenaLabel":"false"}
 [32m✓[39m tests/util/trainer-access-policy.test.ts[2m > [22mclassifyTrainerStudent[2m > [22mexcludes ineligible or unknown input: {}
 [32m✓[39m tests/util/trainer-access-policy.test.ts[2m > [22mclassifyTrainerStudent[2m > [22mexcludes ineligible or unknown input: {"isReserved":0}
 [32m✓[39m tests/util/trainer-access-policy.test.ts[2m > [22mclassifyTrainerStudent[2m > [22mrejects non-contract input null
 [32m✓[39m tests/util/trainer-access-policy.test.ts[2m > [22mclassifyTrainerStudent[2m > [22mrejects non-contract input undefined
 [32m✓[39m tests/util/trainer-access-policy.test.ts[2m > [22mclassifyTrainerStudent[2m > [22mrejects non-contract input %j
 [32m✓[39m tests/util/trainer-access-policy.test.ts[2m > [22mclassifyTrainerStudent[2m > [22mrejects non-contract input {"rowStatus":"active","cohortStatus":"active","cohortType":"cohort","cohortMetadataTrusted":true,"isArenaLabel":false,"isReserved":false}
 [32m✓[39m tests/util/trainer-access-policy.test.ts[2m > [22mclassifyTrainerStudent[2m > [22mrejects non-contract input {}
 [32m✓[39m tests/util/trainer-access-policy.test.ts[2m > [22mclassifyTrainerStudent[2m > [22mrejects non-contract input {}
 [32m✓[39m tests/util/trainer-access-policy.test.ts[2m > [22mclassifyTrainerStudent[2m > [22mconsumes existing parser evidence for 12, not an active fallback
 [32m✓[39m tests/util/trainer-access-policy.test.ts[2m > [22mclassifyTrainerStudent[2m > [22mconsumes existing parser evidence for 12기, not an active fallback
 [32m✓[39m tests/util/trainer-access-policy.test.ts[2m > [22mclassifyTrainerStudent[2m > [22mconsumes existing parser evidence for A2, not an active fallback
 [32m✓[39m tests/util/trainer-access-policy.test.ts[2m > [22mclassifyTrainerStudent[2m > [22mconsumes existing parser evidence for A2회, not an active fallback
 [32m✓[39m tests/util/trainer-access-policy.test.ts[2m > [22mclassifyTrainerStudent[2m > [22mconsumes existing parser evidence for A2-1, not an active fallback
 [32m✓[39m tests/util/trainer-access-policy.test.ts[2m > [22mclassifyTrainerStudent[2m > [22mconsumes existing parser evidence for A2-1기, not an active fallback
 [32m✓[39m tests/util/trainer-access-policy.test.ts[2m > [22mdefaultTrainerGrants[2m > [22mregular gets only active RW
 [32m✓[39m tests/util/trainer-access-policy.test.ts[2m > [22mdefaultTrainerGrants[2m > [22mapprentice gets only active RW
 [32m✓[39m tests/util/trainer-access-policy.test.ts[2m > [22mdefaultTrainerGrants[2m > [22munknown grade undefined denies every category
 [32m✓[39m tests/util/trainer-access-policy.test.ts[2m > [22mdefaultTrainerGrants[2m > [22munknown grade null denies every category
 [32m✓[39m tests/util/trainer-access-policy.test.ts[2m > [22mdefaultTrainerGrants[2m > [22munknown grade "" denies every category
 [32m✓[39m tests/util/trainer-access-policy.test.ts[2m > [22mdefaultTrainerGrants[2m > [22munknown grade "unknown" denies every category
 [32m✓[39m tests/util/trainer-access-policy.test.ts[2m > [22mdefaultTrainerGrants[2m > [22munknown grade "Senior" denies every category
 [32m✓[39m tests/util/trainer-access-policy.test.ts[2m > [22mdefaultTrainerGrants[2m > [22munknown grade " senior " denies every category
 [32m✓[39m tests/util/trainer-access-policy.test.ts[2m > [22mdefaultTrainerGrants[2m > [22munknown grade "constructor" denies every category
 [32m✓[39m tests/util/trainer-access-policy.test.ts[2m > [22mdefaultTrainerGrants[2m > [22munknown grade "__proto__" denies every category
 [32m✓[39m tests/util/trainer-access-policy.test.ts[2m > [22mdefaultTrainerGrants[2m > [22munknown grade 1 denies every category
 [32m✓[39m tests/util/trainer-access-policy.test.ts[2m > [22mdefaultTrainerGrants[2m > [22munknown grade {} denies every category
 [32m✓[39m tests/util/trainer-access-policy.test.ts[2m > [22mdefaultTrainerGrants[2m > [22munknown grade %j denies every category
 [32m✓[39m tests/util/trainer-access-policy.test.ts[2m > [22mdefaultTrainerGrants[2m > [22msenior gets explicit read/write grants for all categories

[2m Test Files [22m [1m[32m1 passed[39m[22m[90m (1)[39m
[2m      Tests [22m [1m[32m82 passed[39m[22m[90m (82)[39m
[2m   Start at [22m 17:13:47
[2m   Duration [22m 2.08s[2m (transform 290ms, setup 54ms, collect 311ms, tests 16ms, environment 0ms, prepare 273ms)[22m

