[33mThe CJS build of Vite's Node API is deprecated. See https://vite.dev/guide/troubleshooting.html#vite-cjs-node-api-deprecated for more details.[39m

[1m[7m[36m RUN [39m[27m[22m [36mv2.1.9 [39m[90mC:/Users/Belief-desktop/Desktop/개발프로젝트/경영일지/wt/trainer-access-policy[39m

 [32m✓[39m tests/util/trainer-access-policy.test.ts[2m > [22misTrainerGrants[2m > [22maccepts complete boolean grants {"active":{"read":true,"write":true},"arena":{"read":false,"write":false},"archived":{"read":false,"write":false}}
 [32m✓[39m tests/util/trainer-access-policy.test.ts[2m > [22misTrainerGrants[2m > [22maccepts complete boolean grants {"active":{"read":false,"write":false},"arena":{"read":true,"write":true},"archived":{"read":true,"write":true}}
 [32m✓[39m tests/util/trainer-access-policy.test.ts[2m > [22misTrainerGrants[2m > [22maccepts complete boolean grants {"active":{"read":true,"write":false},"arena":{"read":false,"write":false},"archived":{"read":false,"write":false}}
 [32m✓[39m tests/util/trainer-access-policy.test.ts[2m > [22misTrainerGrants[2m > [22mrejects malformed grants #+0 without repairing them
 [32m✓[39m tests/util/trainer-access-policy.test.ts[2m > [22misTrainerGrants[2m > [22mrejects malformed grants #1 without repairing them
 [32m✓[39m tests/util/trainer-access-policy.test.ts[2m > [22misTrainerGrants[2m > [22mrejects malformed grants #2 without repairing them
 [32m✓[39m tests/util/trainer-access-policy.test.ts[2m > [22misTrainerGrants[2m > [22mrejects malformed grants #3 without repairing them
 [32m✓[39m tests/util/trainer-access-policy.test.ts[2m > [22misTrainerGrants[2m > [22mrejects malformed grants #4 without repairing them
 [32m✓[39m tests/util/trainer-access-policy.test.ts[2m > [22misTrainerGrants[2m > [22mrejects malformed grants #5 without repairing them
 [32m✓[39m tests/util/trainer-access-policy.test.ts[2m > [22misTrainerGrants[2m > [22mrejects malformed grants #6 without repairing them
 [32m✓[39m tests/util/trainer-access-policy.test.ts[2m > [22misTrainerGrants[2m > [22mrejects malformed grants #7 without repairing them
 [32m✓[39m tests/util/trainer-access-policy.test.ts[2m > [22misTrainerGrants[2m > [22mrejects malformed grants #8 without repairing them
 [32m✓[39m tests/util/trainer-access-policy.test.ts[2m > [22misTrainerGrants[2m > [22mrejects malformed grants #9 without repairing them
 [32m✓[39m tests/util/trainer-access-policy.test.ts[2m > [22misTrainerGrants[2m > [22mrejects malformed grants #10 without repairing them
 [32m✓[39m tests/util/trainer-access-policy.test.ts[2m > [22misTrainerGrants[2m > [22mrejects malformed grants #11 without repairing them
 [32m✓[39m tests/util/trainer-access-policy.test.ts[2m > [22misTrainerGrants[2m > [22mrejects malformed grants #12 without repairing them
 [32m✓[39m tests/util/trainer-access-policy.test.ts[2m > [22misTrainerGrants[2m > [22mrejects malformed grants #13 without repairing them
 [32m✓[39m tests/util/trainer-access-policy.test.ts[2m > [22misTrainerGrants[2m > [22mrejects malformed grants #14 without repairing them
 [32m✓[39m tests/util/trainer-access-policy.test.ts[2m > [22misTrainerGrants[2m > [22mrejects malformed grants #15 without repairing them
 [32m✓[39m tests/util/trainer-access-policy.test.ts[2m > [22misTrainerGrants[2m > [22mrejects malformed grants #16 without repairing them
 [32m✓[39m tests/util/trainer-access-policy.test.ts[2m > [22misTrainerGrants[2m > [22mrejects malformed grants #17 without repairing them
 [32m✓[39m tests/util/trainer-access-policy.test.ts[2m > [22misTrainerGrants[2m > [22mrejects malformed grants #18 without repairing them
 [32m✓[39m tests/util/trainer-access-policy.test.ts[2m > [22misTrainerGrants[2m > [22mrejects malformed grants #19 without repairing them
 [32m✓[39m tests/util/trainer-access-policy.test.ts[2m > [22misTrainerGrants[2m > [22mrejects malformed grants #20 without repairing them
 [32m✓[39m tests/util/trainer-access-policy.test.ts[2m > [22mclassifyTrainerStudent[2m > [22mrequires a confirmed regular cohort before returning active
 [32m✓[39m tests/util/trainer-access-policy.test.ts[2m > [22mclassifyTrainerStudent[2m > [22marena evidence overrides ordinary type: {"cohortType":"arena"}
 [32m✓[39m tests/util/trainer-access-policy.test.ts[2m > [22mclassifyTrainerStudent[2m > [22marena evidence overrides ordinary type: {"isArenaLabel":true}
 [32m✓[39m tests/util/trainer-access-policy.test.ts[2m > [22mclassifyTrainerStudent[2m > [22marena evidence overrides ordinary type: {"cohortType":"cohort","isArenaLabel":true}
 [32m✓[39m tests/util/trainer-access-policy.test.ts[2m > [22mclassifyTrainerStudent[2m > [22marchived row/cohort wins over active and arena: {"rowStatus":"archived"}
 [32m✓[39m tests/util/trainer-access-policy.test.ts[2m > [22mclassifyTrainerStudent[2m > [22marchived row/cohort wins over active and arena: {"cohortStatus":"archived"}
 [32m✓[39m tests/util/trainer-access-policy.test.ts[2m > [22mclassifyTrainerStudent[2m > [22marchived row/cohort wins over active and arena: {"cohortStatus":"archived","rowStatus":"archived"}
 [32m✓[39m tests/util/trainer-access-policy.test.ts[2m > [22mclassifyTrainerStudent[2m > [22marchived row/cohort wins over active and arena: {"cohortStatus":"archived","cohortType":"arena","isArenaLabel":true}
 [32m✓[39m tests/util/trainer-access-policy.test.ts[2m > [22mclassifyTrainerStudent[2m > [22marchived row/cohort wins over active and arena: {"rowStatus":"archived","cohortType":"arena","isArenaLabel":true}
 [32m✓[39m tests/util/trainer-access-policy.test.ts[2m > [22mclassifyTrainerStudent[2m > [22mexcludes ineligible or unknown input: {"rowStatus":"pending"}
 [32m✓[39m tests/util/trainer-access-policy.test.ts[2m > [22mclassifyTrainerStudent[2m > [22mexcludes ineligible or unknown input: {"rowStatus":"inactive"}
 [32m✓[39m tests/util/trainer-access-policy.test.ts[2m > [22mclassifyTrainerStudent[2m > [22mexcludes ineligible or unknown input: {"rowStatus":null}
 [32m✓[39m tests/util/trainer-access-policy.test.ts[2m > [22mclassifyTrainerStudent[2m > [22mexcludes ineligible or unknown input: {"rowStatus":"reserved"}
 [32m✓[39m tests/util/trainer-access-policy.test.ts[2m > [22mclassifyTrainerStudent[2m > [22mexcludes ineligible or unknown input: {"rowStatus":""}
 [32m✓[39m tests/util/trainer-access-policy.test.ts[2m > [22mclassifyTrainerStudent[2m > [22mexcludes ineligible or unknown input: {"rowStatus":"unknown"}
 [32m✓[39m tests/util/trainer-access-policy.test.ts[2m > [22mclassifyTrainerStudent[2m > [22mexcludes ineligible or unknown input: {"isReserved":true}
 [32m✓[39m tests/util/trainer-access-policy.test.ts[2m > [22mclassifyTrainerStudent[2m > [22mexcludes ineligible or unknown input: {"isReserved":true,"rowStatus":"archived"}
 [32m✓[39m tests/util/trainer-access-policy.test.ts[2m > [22mclassifyTrainerStudent[2m > [22mexcludes ineligible or unknown input: {"rowStatus":"pending","cohortStatus":"archived"}
 [32m✓[39m tests/util/trainer-access-policy.test.ts[2m > [22mclassifyTrainerStudent[2m > [22mexcludes ineligible or unknown input: {}
 [32m✓[39m tests/util/trainer-access-policy.test.ts[2m > [22mclassifyTrainerStudent[2m > [22mexcludes ineligible or unknown input: {"cohortStatus":null}
 [32m✓[39m tests/util/trainer-access-policy.test.ts[2m > [22mclassifyTrainerStudent[2m > [22mexcludes ineligible or unknown input: {"cohortStatus":"unknown"}
 [32m✓[39m tests/util/trainer-access-policy.test.ts[2m > [22mclassifyTrainerStudent[2m > [22mexcludes ineligible or unknown input: {}
 [32m✓[39m tests/util/trainer-access-policy.test.ts[2m > [22mclassifyTrainerStudent[2m > [22mexcludes ineligible or unknown input: {"cohortType":null}
 [32m✓[39m tests/util/trainer-access-policy.test.ts[2m > [22mclassifyTrainerStudent[2m > [22mexcludes ineligible or unknown input: {"cohortType":"unknown"}
 [32m✓[39m tests/util/trainer-access-policy.test.ts[2m > [22mclassifyTrainerStudent[2m > [22mexcludes ineligible or unknown input: {"cohortMetadataTrusted":false}
 [32m✓[39m tests/util/trainer-access-policy.test.ts[2m > [22mclassifyTrainerStudent[2m > [22mexcludes ineligible or unknown input: {}
 [32m✓[39m tests/util/trainer-access-policy.test.ts[2m > [22mclassifyTrainerStudent[2m > [22mexcludes ineligible or unknown input: {"cohortMetadataTrusted":"true"}
 [32m✓[39m tests/util/trainer-access-policy.test.ts[2m > [22mclassifyTrainerStudent[2m > [22mexcludes ineligible or unknown input: {"cohortMetadataTrusted":false,"rowStatus":"archived"}
 [32m✓[39m tests/util/trainer-access-policy.test.ts[2m > [22mclassifyTrainerStudent[2m > [22mexcludes ineligible or unknown input: {}
 [32m✓[39m tests/util/trainer-access-policy.test.ts[2m > [22mclassifyTrainerStudent[2m > [22mexcludes ineligible or unknown input: {"isArenaLabel":"false"}
 [32m✓[39m tests/util/trainer-access-policy.test.ts[2m > [22mclassifyTrainerStudent[2m > [22mexcludes ineligible or unknown input: {}
 [32m✓[39m tests/util/trainer-access-policy.test.ts[2m > [22mclassifyTrainerStudent[2m > [22mexcludes ineligible or unknown input: {"isReserved":0}
 [32m✓[39m tests/util/trainer-access-policy.test.ts[2m > [22mclassifyTrainerStudent[2m > [22mrejects non-contract input null
 [32m✓[39m tests/util/trainer-access-policy.test.ts[2m > [22mclassifyTrainerStudent[2m > [22mrejects non-contract input undefined
 [32m✓[39m tests/util/trainer-access-policy.test.ts[2m > [22mclassifyTrainerStudent[2m > [22mrejects non-contract input %j
 [32m✓[39m tests/util/trainer-access-policy.test.ts[2m > [22mclassifyTrainerStudent[2m > [22mrejects non-contract input {"rowStatus":"active","cohortStatus":"active","cohortType":"cohort","cohortMetadataTrusted":true,"isArenaLabel":false,"isReserved":false}
 [32m✓[39m tests/util/trainer-access-policy.test.ts[2m > [22mclassifyTrainerStudent[2m > [22mrejects non-contract input {}
 [32m✓[39m tests/util/trainer-access-policy.test.ts[2m > [22mclassifyTrainerStudent[2m > [22mrejects non-contract input {}
 [32m✓[39m tests/util/trainer-access-policy.test.ts[2m > [22mclassifyTrainerStudent[2m > [22mconsumes existing parser evidence for 12, not an active fallback
 [32m✓[39m tests/util/trainer-access-policy.test.ts[2m > [22mclassifyTrainerStudent[2m > [22mconsumes existing parser evidence for 12기, not an active fallback
 [32m✓[39m tests/util/trainer-access-policy.test.ts[2m > [22mclassifyTrainerStudent[2m > [22mconsumes existing parser evidence for A2, not an active fallback
 [32m✓[39m tests/util/trainer-access-policy.test.ts[2m > [22mclassifyTrainerStudent[2m > [22mconsumes existing parser evidence for A2회, not an active fallback
 [32m✓[39m tests/util/trainer-access-policy.test.ts[2m > [22mclassifyTrainerStudent[2m > [22mconsumes existing parser evidence for A2-1, not an active fallback
 [32m✓[39m tests/util/trainer-access-policy.test.ts[2m > [22mclassifyTrainerStudent[2m > [22mconsumes existing parser evidence for A2-1기, not an active fallback
 [32m✓[39m tests/util/trainer-access-policy.test.ts[2m > [22mcanTrainerAccessStudent[2m > [22m'senior' / 'active' / 'read' default matrix
 [32m✓[39m tests/util/trainer-access-policy.test.ts[2m > [22mcanTrainerAccessStudent[2m > [22m'senior' / 'active' / 'write' default matrix
 [32m✓[39m tests/util/trainer-access-policy.test.ts[2m > [22mcanTrainerAccessStudent[2m > [22m'senior' / 'arena' / 'read' default matrix
 [32m✓[39m tests/util/trainer-access-policy.test.ts[2m > [22mcanTrainerAccessStudent[2m > [22m'senior' / 'arena' / 'write' default matrix
 [32m✓[39m tests/util/trainer-access-policy.test.ts[2m > [22mcanTrainerAccessStudent[2m > [22m'senior' / 'archived' / 'read' default matrix
 [32m✓[39m tests/util/trainer-access-policy.test.ts[2m > [22mcanTrainerAccessStudent[2m > [22m'senior' / 'archived' / 'write' default matrix
 [32m✓[39m tests/util/trainer-access-policy.test.ts[2m > [22mcanTrainerAccessStudent[2m > [22m'regular' / 'active' / 'read' default matrix
 [32m✓[39m tests/util/trainer-access-policy.test.ts[2m > [22mcanTrainerAccessStudent[2m > [22m'regular' / 'active' / 'write' default matrix
 [32m✓[39m tests/util/trainer-access-policy.test.ts[2m > [22mcanTrainerAccessStudent[2m > [22m'regular' / 'arena' / 'read' default matrix
 [32m✓[39m tests/util/trainer-access-policy.test.ts[2m > [22mcanTrainerAccessStudent[2m > [22m'regular' / 'arena' / 'write' default matrix
 [32m✓[39m tests/util/trainer-access-policy.test.ts[2m > [22mcanTrainerAccessStudent[2m > [22m'regular' / 'archived' / 'read' default matrix
 [32m✓[39m tests/util/trainer-access-policy.test.ts[2m > [22mcanTrainerAccessStudent[2m > [22m'regular' / 'archived' / 'write' default matrix
 [32m✓[39m tests/util/trainer-access-policy.test.ts[2m > [22mcanTrainerAccessStudent[2m > [22m'apprentice' / 'active' / 'read' default matrix
 [32m✓[39m tests/util/trainer-access-policy.test.ts[2m > [22mcanTrainerAccessStudent[2m > [22m'apprentice' / 'active' / 'write' default matrix
 [32m✓[39m tests/util/trainer-access-policy.test.ts[2m > [22mcanTrainerAccessStudent[2m > [22m'apprentice' / 'arena' / 'read' default matrix
 [32m✓[39m tests/util/trainer-access-policy.test.ts[2m > [22mcanTrainerAccessStudent[2m > [22m'apprentice' / 'arena' / 'write' default matrix
 [32m✓[39m tests/util/trainer-access-policy.test.ts[2m > [22mcanTrainerAccessStudent[2m > [22m'apprentice' / 'archived' / 'read' default matrix
 [32m✓[39m tests/util/trainer-access-policy.test.ts[2m > [22mcanTrainerAccessStudent[2m > [22m'apprentice' / 'archived' / 'write' default matrix
 [32m✓[39m tests/util/trainer-access-policy.test.ts[2m > [22mcanTrainerAccessStudent[2m > [22mnon-active actor "pending" cannot read or write
 [32m✓[39m tests/util/trainer-access-policy.test.ts[2m > [22mcanTrainerAccessStudent[2m > [22mnon-active actor "inactive" cannot read or write
 [32m✓[39m tests/util/trainer-access-policy.test.ts[2m > [22mcanTrainerAccessStudent[2m > [22mnon-active actor "archived" cannot read or write
 [32m✓[39m tests/util/trainer-access-policy.test.ts[2m > [22mcanTrainerAccessStudent[2m > [22mnon-active actor "" cannot read or write
 [32m✓[39m tests/util/trainer-access-policy.test.ts[2m > [22mcanTrainerAccessStudent[2m > [22mnon-active actor "unknown" cannot read or write
 [32m✓[39m tests/util/trainer-access-policy.test.ts[2m > [22mcanTrainerAccessStudent[2m > [22mnon-active actor null cannot read or write
 [32m✓[39m tests/util/trainer-access-policy.test.ts[2m > [22mcanTrainerAccessStudent[2m > [22mnon-active actor undefined cannot read or write
 [32m✓[39m tests/util/trainer-access-policy.test.ts[2m > [22mcanTrainerAccessStudent[2m > [22munknown grade "" cannot use even fully permissive grants
 [32m✓[39m tests/util/trainer-access-policy.test.ts[2m > [22mcanTrainerAccessStudent[2m > [22munknown grade "unknown" cannot use even fully permissive grants
 [32m✓[39m tests/util/trainer-access-policy.test.ts[2m > [22mcanTrainerAccessStudent[2m > [22munknown grade "Senior" cannot use even fully permissive grants
 [32m✓[39m tests/util/trainer-access-policy.test.ts[2m > [22mcanTrainerAccessStudent[2m > [22munknown grade " senior " cannot use even fully permissive grants
 [32m✓[39m tests/util/trainer-access-policy.test.ts[2m > [22mcanTrainerAccessStudent[2m > [22munknown grade "__proto__" cannot use even fully permissive grants
 [32m✓[39m tests/util/trainer-access-policy.test.ts[2m > [22mcanTrainerAccessStudent[2m > [22munknown grade "constructor" cannot use even fully permissive grants
 [32m✓[39m tests/util/trainer-access-policy.test.ts[2m > [22mcanTrainerAccessStudent[2m > [22munknown grade null cannot use even fully permissive grants
 [32m✓[39m tests/util/trainer-access-policy.test.ts[2m > [22mcanTrainerAccessStudent[2m > [22munknown grade undefined cannot use even fully permissive grants
 [32m✓[39m tests/util/trainer-access-policy.test.ts[2m > [22mcanTrainerAccessStudent[2m > [22munknown grade 1 cannot use even fully permissive grants
 [32m✓[39m tests/util/trainer-access-policy.test.ts[2m > [22mcanTrainerAccessStudent[2m > [22munknown grade %j cannot use even fully permissive grants
 [32m✓[39m tests/util/trainer-access-policy.test.ts[2m > [22mcanTrainerAccessStudent[2m > [22munknown grade {} cannot use even fully permissive grants
 [32m✓[39m tests/util/trainer-access-policy.test.ts[2m > [22mcanTrainerAccessStudent[2m > [22minvalid grants #+0 deny the entire policy (no fallback)
 [32m✓[39m tests/util/trainer-access-policy.test.ts[2m > [22mcanTrainerAccessStudent[2m > [22minvalid grants #1 deny the entire policy (no fallback)
 [32m✓[39m tests/util/trainer-access-policy.test.ts[2m > [22mcanTrainerAccessStudent[2m > [22minvalid grants #2 deny the entire policy (no fallback)
 [32m✓[39m tests/util/trainer-access-policy.test.ts[2m > [22mcanTrainerAccessStudent[2m > [22minvalid grants #3 deny the entire policy (no fallback)
 [32m✓[39m tests/util/trainer-access-policy.test.ts[2m > [22mcanTrainerAccessStudent[2m > [22minvalid grants #4 deny the entire policy (no fallback)
 [32m✓[39m tests/util/trainer-access-policy.test.ts[2m > [22mcanTrainerAccessStudent[2m > [22minvalid grants #5 deny the entire policy (no fallback)
 [32m✓[39m tests/util/trainer-access-policy.test.ts[2m > [22mcanTrainerAccessStudent[2m > [22minvalid grants #6 deny the entire policy (no fallback)
 [32m✓[39m tests/util/trainer-access-policy.test.ts[2m > [22mcanTrainerAccessStudent[2m > [22minvalid grants #7 deny the entire policy (no fallback)
 [32m✓[39m tests/util/trainer-access-policy.test.ts[2m > [22mcanTrainerAccessStudent[2m > [22minvalid grants #8 deny the entire policy (no fallback)
 [32m✓[39m tests/util/trainer-access-policy.test.ts[2m > [22mcanTrainerAccessStudent[2m > [22minvalid grants #9 deny the entire policy (no fallback)
 [32m✓[39m tests/util/trainer-access-policy.test.ts[2m > [22mcanTrainerAccessStudent[2m > [22minvalid grants #10 deny the entire policy (no fallback)
 [32m✓[39m tests/util/trainer-access-policy.test.ts[2m > [22mcanTrainerAccessStudent[2m > [22minvalid grants #11 deny the entire policy (no fallback)
 [32m✓[39m tests/util/trainer-access-policy.test.ts[2m > [22mcanTrainerAccessStudent[2m > [22minvalid grants #12 deny the entire policy (no fallback)
 [32m✓[39m tests/util/trainer-access-policy.test.ts[2m > [22mcanTrainerAccessStudent[2m > [22minvalid grants #13 deny the entire policy (no fallback)
 [32m✓[39m tests/util/trainer-access-policy.test.ts[2m > [22mcanTrainerAccessStudent[2m > [22minvalid grants #14 deny the entire policy (no fallback)
 [32m✓[39m tests/util/trainer-access-policy.test.ts[2m > [22mcanTrainerAccessStudent[2m > [22minvalid grants #15 deny the entire policy (no fallback)
 [32m✓[39m tests/util/trainer-access-policy.test.ts[2m > [22mcanTrainerAccessStudent[2m > [22minvalid grants #16 deny the entire policy (no fallback)
 [32m✓[39m tests/util/trainer-access-policy.test.ts[2m > [22mcanTrainerAccessStudent[2m > [22minvalid grants #17 deny the entire policy (no fallback)
 [32m✓[39m tests/util/trainer-access-policy.test.ts[2m > [22mcanTrainerAccessStudent[2m > [22minvalid grants #18 deny the entire policy (no fallback)
 [32m✓[39m tests/util/trainer-access-policy.test.ts[2m > [22mcanTrainerAccessStudent[2m > [22minvalid grants #19 deny the entire policy (no fallback)
 [32m✓[39m tests/util/trainer-access-policy.test.ts[2m > [22mcanTrainerAccessStudent[2m > [22minvalid grants #20 deny the entire policy (no fallback)
 [32m✓[39m tests/util/trainer-access-policy.test.ts[2m > [22mcanTrainerAccessStudent[2m > [22mmissing/invalid actor null denies
 [32m✓[39m tests/util/trainer-access-policy.test.ts[2m > [22mcanTrainerAccessStudent[2m > [22mmissing/invalid actor undefined denies
 [32m✓[39m tests/util/trainer-access-policy.test.ts[2m > [22mcanTrainerAccessStudent[2m > [22mmissing/invalid actor %j denies
 [32m✓[39m tests/util/trainer-access-policy.test.ts[2m > [22mcanTrainerAccessStudent[2m > [22mmissing/invalid actor {} denies
 [32m✓[39m tests/util/trainer-access-policy.test.ts[2m > [22mcanTrainerAccessStudent[2m > [22mmissing/invalid actor {"grade":"senior","status":"active"} denies
 [32m✓[39m tests/util/trainer-access-policy.test.ts[2m > [22mcanTrainerAccessStudent[2m > [22mmissing/invalid actor {} denies
 [32m✓[39m tests/util/trainer-access-policy.test.ts[2m > [22mcanTrainerAccessStudent[2m > [22munknown operation null denies
 [32m✓[39m tests/util/trainer-access-policy.test.ts[2m > [22mcanTrainerAccessStudent[2m > [22munknown operation undefined denies
 [32m✓[39m tests/util/trainer-access-policy.test.ts[2m > [22mcanTrainerAccessStudent[2m > [22munknown operation %j denies
 [32m✓[39m tests/util/trainer-access-policy.test.ts[2m > [22mcanTrainerAccessStudent[2m > [22munknown operation "READ" denies
 [32m✓[39m tests/util/trainer-access-policy.test.ts[2m > [22mcanTrainerAccessStudent[2m > [22munknown operation "delete" denies
 [32m✓[39m tests/util/trainer-access-policy.test.ts[2m > [22mcanTrainerAccessStudent[2m > [22munknown operation "constructor" denies
 [32m✓[39m tests/util/trainer-access-policy.test.ts[2m > [22mcanTrainerAccessStudent[2m > [22mexplicit read-only grants do not acquire write permission
 [32m✓[39m tests/util/trainer-access-policy.test.ts[2m > [22mcanTrainerAccessStudent[2m > [22mregular cannot exceed its grade ceiling
 [32m✓[39m tests/util/trainer-access-policy.test.ts[2m > [22mcanTrainerAccessStudent[2m > [22mapprentice cannot exceed its grade ceiling
 [32m✓[39m tests/util/trainer-access-policy.test.ts[2m > [22mcanTrainerAccessStudent[2m > [22meven senior cannot access excluded/unknown student null
 [32m✓[39m tests/util/trainer-access-policy.test.ts[2m > [22mcanTrainerAccessStudent[2m > [22meven senior cannot access excluded/unknown student %j
 [32m✓[39m tests/util/trainer-access-policy.test.ts[2m > [22mcanTrainerAccessStudent[2m > [22meven senior cannot access excluded/unknown student {"rowStatus":"pending","cohortStatus":"active","cohortType":"cohort","cohortMetadataTrusted":true,"isArenaLabel":false,"isReserved":false}
 [32m✓[39m tests/util/trainer-access-policy.test.ts[2m > [22mcanTrainerAccessStudent[2m > [22meven senior cannot access excluded/unknown student {"rowStatus":"active","cohortStatus":"active","cohortType":"cohort","cohortMetadataTrusted":true,"isArenaLabel":false,"isReserved":true}
 [32m✓[39m tests/util/trainer-access-policy.test.ts[2m > [22mcanTrainerAccessStudent[2m > [22meven senior cannot access excluded/unknown student {"rowStatus":"active","cohortStatus":"active","cohortType":"cohort","cohortMetadataTrusted":false,"isArenaLabel":false,"isReserved":false}
 [32m✓[39m tests/util/trainer-access-policy.test.ts[2m > [22mcanTrainerAccessStudent[2m > [22meven senior cannot access excluded/unknown student {"rowStatus":"active","cohortStatus":null,"cohortType":"cohort","cohortMetadataTrusted":true,"isArenaLabel":false,"isReserved":false}
 [32m✓[39m tests/util/trainer-access-policy.test.ts[2m > [22mcanTrainerAccessStudent[2m > [22meven senior cannot access excluded/unknown student {"rowStatus":"active","cohortStatus":"active","cohortType":"cohort","cohortMetadataTrusted":true,"isReserved":false}
 [32m✓[39m tests/util/trainer-access-policy.test.ts[2m > [22mcanTrainerAccessStudent[2m > [22mcohort archive prevents a regular actor using an active row
 [32m✓[39m tests/util/trainer-access-policy.test.ts[2m > [22mcanTrainerAccessStudent[2m > [22marena evidence in cached label prevents numeric registry active misclassification
 [32m✓[39m tests/util/trainer-access-policy.test.ts[2m > [22mcanTrainerAccessStudent[2m > [22mdoes not mutate frozen actor, grants or normalized student
 [32m✓[39m tests/util/trainer-access-policy.test.ts[2m > [22mdefaultTrainerGrants[2m > [22mkeeps import-free inferred outputs compatible with the public contracts
 [32m✓[39m tests/util/trainer-access-policy.test.ts[2m > [22mdefaultTrainerGrants[2m > [22mreturns independent grants for each category and call
 [32m✓[39m tests/util/trainer-access-policy.test.ts[2m > [22mdefaultTrainerGrants[2m > [22mregular gets only active RW
 [32m✓[39m tests/util/trainer-access-policy.test.ts[2m > [22mdefaultTrainerGrants[2m > [22mapprentice gets only active RW
 [32m✓[39m tests/util/trainer-access-policy.test.ts[2m > [22mdefaultTrainerGrants[2m > [22munknown grade undefined denies every category
 [32m✓[39m tests/util/trainer-access-policy.test.ts[2m > [22mdefaultTrainerGrants[2m > [22munknown grade null denies every category
 [32m✓[39m tests/util/trainer-access-policy.test.ts[2m > [22mdefaultTrainerGrants[2m > [22munknown grade "" denies every category
 [32m✓[39m tests/util/trainer-access-policy.test.ts[2m > [22mdefaultTrainerGrants[2m > [22munknown grade "unknown" denies every category
 [32m✓[39m tests/util/trainer-access-policy.test.ts[2m > [22mdefaultTrainerGrants[2m > [22munknown grade "Senior" denies every category
 [32m✓[39m tests/util/trainer-access-policy.test.ts[2m > [22mdefaultTrainerGrants[2m > [22munknown grade " senior " denies every category
 [32m✓[39m tests/util/trainer-access-policy.test.ts[2m > [22mdefaultTrainerGrants[2m > [22munknown grade "constructor" denies every category
 [32m✓[39m tests/util/trainer-access-policy.test.ts[2m > [22mdefaultTrainerGrants[2m > [22munknown grade "__proto__" denies every category
 [32m✓[39m tests/util/trainer-access-policy.test.ts[2m > [22mdefaultTrainerGrants[2m > [22munknown grade 1 denies every category
 [32m✓[39m tests/util/trainer-access-policy.test.ts[2m > [22mdefaultTrainerGrants[2m > [22munknown grade {} denies every category
 [32m✓[39m tests/util/trainer-access-policy.test.ts[2m > [22mdefaultTrainerGrants[2m > [22munknown grade %j denies every category
 [32m✓[39m tests/util/trainer-access-policy.test.ts[2m > [22mdefaultTrainerGrants[2m > [22msenior gets explicit read/write grants for all categories
 [32m✓[39m tests/structural/period-hardcode.test.ts[2m > [22mstrip 헬퍼 자기검증[2m > [22mstrip 전후 줄 수 불변 (전 파일)
 [32m✓[39m tests/structural/period-hardcode.test.ts[2m > [22mlib/util 순수성[2m > [22mlib/util 은 import 금지 (순수 유틸 — 상위 레이어 역류 원천 차단)
 [32m✓[39m tests/structural/period-hardcode.test.ts[2m > [22mG1: grad-offset 상수화 (50/57)[2m > [22mGRADUATION_OFFSET* 숫자 정의는 lib/config/cohort-dates.ts 에서만
 [32m✓[39m tests/structural/period-hardcode.test.ts[2m > [22mG1: grad-offset 상수화 (50/57)[2m > [22moffset 문맥의 50/57 리터럴 금지 (grad/offset/O2 키워드 라인)
 [32m✓[39m tests/structural/period-hardcode.test.ts[2m > [22mG2: 편집 유예(69일) 상수화[2m > [22m숫자 69 는 lib/config/cohort-dates.ts(EDIT_WINDOW_DAYS) 밖 금지
 [32m✓[39m tests/structural/period-hardcode.test.ts[2m > [22mG3: 시트 주차상한(10) 상수화[2m > [22mweek 문맥의 10 비교/클램프는 MAX_SHEET_WEEK 로
 [32m✓[39m tests/structural/period-hardcode.test.ts[2m > [22mG4: 통계 주차수(8) 상수화[2m > [22mweek 문맥의 8-루프/버킷/클램프는 STATS_WEEKS 로
 [32m✓[39m tests/structural/period-hardcode.test.ts[2m > [22mG5: YYYY-MM-DD 리터럴 금지 (앱 코드)[2m > [22m날짜 리터럴은 테스트 fixture·ops 스크립트에서만
 [32m✓[39m tests/structural/period-hardcode.test.ts[2m > [22mG6: 수강생 데이터 쓰기 route 는 getWritableUserEmail 경유[2m > [22mwrite 메서드(POST/PATCH/PUT/DELETE) 가진 gated route 전수
 [32m✓[39m tests/structural/period-hardcode.test.ts[2m > [22mG7: app 레이어 "archived" 리터럴 분기 금지[2m > [22m새 app 파일에서 "archived" 문자열 분기 금지 — 공용 헬퍼 사용
 [32m✓[39m tests/structural/period-hardcode.test.ts[2m > [22mG8: 주차 계산(weekIndexOf) 단일 소스[2m > [22mlib/app/components 에서 주차식 재구현 금지 — 정본은 lib/util/week.ts
 [32m✓[39m tests/structural/period-hardcode.test.ts[2m > [22mG8: 주차 계산(weekIndexOf) 단일 소스[2m > [22mscripts/ 의 사본은 WEEK-INDEX-SSOT-COPY 마커 의무 (.mjs 는 TS import 불가)
 [32m✓[39m tests/structural/period-hardcode.test.ts[2m > [22mcohort-dates 계약값[2m > [22m현행 정책값 고정 (변경은 ADR + belie 결정)

[2m Test Files [22m [1m[32m2 passed[39m[22m[90m (2)[39m
[2m      Tests [22m [1m[32m179 passed[39m[22m[90m (179)[39m
[2m   Start at [22m 17:22:01
[2m   Duration [22m 2.42s[2m (transform 127ms, setup 47ms, collect 181ms, tests 1.28s, environment 0ms, prepare 542ms)[22m

